<html>
<body>
<pre>
<h1>礦ision Build Log</h1>
<h2>Tool Versions:</h2>
IDE-Version: μVision V5.25.0.0
Copyright (C) 2017 ARM Ltd and ARM Germany GmbH. All rights reserved.
License Information: Liang Jinlong, DGUT, LIC=FYKJJ-UKCV4-DKNBN-YD03P-33TTV-NAM1Q
 
Tool Versions:
Toolchain:       MDK-ARM Plus  Version: 5.25.0.0
Toolchain Path:  D:\Program Files\MDK\ARM\ARMCC\Bin
C Compiler:      Armcc.exe V5.06 update 6 (build 750)
Assembler:       Armasm.exe V5.06 update 6 (build 750)
Linker/Locator:  ArmLink.exe V5.06 update 6 (build 750)
Library Manager: ArmAr.exe V5.06 update 6 (build 750)
Hex Converter:   FromElf.exe V5.06 update 6 (build 750)
CPU DLL:         SARMCM3.DLL V5.25.0.0
Dialog DLL:      DCM.DLL V1.17.0.0
Target DLL:      Segger\JL2CM3.dll V2.99.28.0
Dialog DLL:      TCM.DLL V1.34.0.0
 
<h2>Project:</h2>
G:\Embedded\Keil\222\单片机系统\project\STM32F407VET6.uvprojx
Project File Date:  11/14/2018

<h2>Output:</h2>
*** Using Compiler 'V5.06 update 6 (build 750)', folder: 'D:\Program Files\MDK\ARM\ARMCC\Bin'
Build target 'Target 1'
assembling startup_stm32f40_41xxx.s...
compiling stm32f4xx_it.c...
compiling main.c...
compiling system_stm32f4xx.c...
compiling misc.c...
compiling stm32f4xx_exti.c...
compiling stm32f4xx_gpio.c...
compiling stm32f4xx_flash.c...
compiling stm32f4xx_fsmc.c...
compiling stm32f4xx_rtc.c...
compiling stm32f4xx_usart.c...
compiling stm32f4xx_dac.c...
compiling stm32f4xx_rcc.c...
compiling stm32f4xx_dma.c...
compiling stm32f4xx_adc.c...
compiling hmc472.c...
compiling keyboard.c...
compiling usart.c...
compiling sys.c...
compiling delay.c...
compiling IO.c...
compiling led.c...
compiling adc.c...
compiling lcd.c...
linking...
Program Size: Code=4032 RO-data=424 RW-data=28 ZI-data=1836  
".\Objects\STM32F407VET6.axf" - 0 Error(s), 0 Warning(s).

<h2>Software Packages used:</h2>

Package Vendor: Keil
                http://www.keil.com/pack/Keil.STM32F4xx_DFP.2.10.0.pack
                Keil.STM32F4xx_DFP.2.10.0
                STMicroelectronics STM32F4 Series Device Support, Drivers and Examples

<h2>Collection of Component include folders:</h2>
  .\RTE\_Target_1
  D:\Program Files\MDK\ARM\PACK\Keil\STM32F4xx_DFP\2.10.0\Drivers\CMSIS\Device\ST\STM32F4xx\Include

<h2>Collection of Component Files used:</h2>
Build Time Elapsed:  00:00:32
</pre>
</body>
</html>
